Test run for C:\Users\desra\OneDrive\Desktop\web_mobil_final_beckend\SmartCampus.Tests\bin\Debug\net8.0\SmartCampus.Tests.dll (.NETCoreApp,Version=v8.0)
VSTest version 17.12.0 (x64)

Starting test execution, please wait...
A total of 1 test files matched the specified pattern.
C:\Users\desra\OneDrive\Desktop\web_mobil_final_beckend\SmartCampus.Tests\bin\Debug\net8.0\SmartCampus.Tests.dll
[xUnit.net 00:00:00.00] xUnit.net VSTest Adapter v2.8.2+699d445a1a (64-bit .NET 8.0.11)
[xUnit.net 00:00:00.12]   Discovering: SmartCampus.Tests
[xUnit.net 00:00:00.17]   Discovered:  SmartCampus.Tests
[xUnit.net 00:00:00.17]   Starting:    SmartCampus.Tests
  Passed SmartCampus.Tests.UnitTest1.Test1 [3 ms]
  Passed SmartCampus.Tests.Entities.UserEntityTests.User_CanSetProfilePictureUrl [6 ms]
  Passed SmartCampus.Tests.Entities.UserEntityTests.User_CanSetIsDeleted [1 ms]
  Passed SmartCampus.Tests.Entities.UserEntityTests.User_InheritsFromIdentityUser [< 1 ms]
  Passed SmartCampus.Tests.Entities.UserEntityTests.User_CanSetId [5 ms]
  Passed SmartCampus.Tests.Entities.UserEntityTests.User_CanSetUserName [< 1 ms]
  Passed SmartCampus.Tests.Entities.UserEntityTests.User_DefaultValues_AreCorrect [< 1 ms]
  Passed SmartCampus.Tests.Entities.UserEntityTests.User_CanSetPhoneNumber [< 1 ms]
  Passed SmartCampus.Tests.Entities.UserEntityTests.User_CanSetEmailVerificationToken [< 1 ms]
  Passed SmartCampus.Tests.Entities.UserEntityTests.User_CanSetLastName [< 1 ms]
  Passed SmartCampus.Tests.Entities.UserEntityTests.User_CanSetUpdatedAt [2 ms]
  Passed SmartCampus.Tests.Entities.UserEntityTests.User_CanSetRefreshToken [< 1 ms]
  Passed SmartCampus.Tests.Entities.UserEntityTests.User_CreatedAt_IsSetToUtcNow [< 1 ms]
  Passed SmartCampus.Tests.Entities.UserEntityTests.User_CanSetRefreshTokenExpiryTime [< 1 ms]
  Passed SmartCampus.Tests.Entities.UserEntityTests.User_CanSetFirstName [< 1 ms]
  Passed SmartCampus.Tests.Entities.UserEntityTests.User_ImplementsIAuditEntity [< 1 ms]
  Passed SmartCampus.Tests.Entities.UserEntityTests.User_CanSetEmail [< 1 ms]
  Passed SmartCampus.Tests.Validators.LoginDtoValidatorTests.Should_Not_Have_Error_When_Credentials_Are_Valid [25 ms]
  Passed SmartCampus.Tests.Entities.FacultyTests.Faculty_Should_Set_Properties_Correctly [26 ms]
  Passed SmartCampus.Tests.Entities.FacultyTests.Faculty_Should_Have_Default_Values [< 1 ms]
  Passed SmartCampus.Tests.Entities.FacultyTests.Faculty_Should_Inherit_BaseEntity_Properties [< 1 ms]
  Passed SmartCampus.Tests.Entities.TokenEntitiesTests.PasswordResetToken_Should_Be_Expired_If_Date_Passed [< 1 ms]
  Passed SmartCampus.Tests.Entities.TokenEntitiesTests.PasswordResetToken_Should_Set_Properties_Correctly [< 1 ms]
  Passed SmartCampus.Tests.Entities.TokenEntitiesTests.RefreshToken_Should_Have_Default_Values [< 1 ms]
  Passed SmartCampus.Tests.Entities.TokenEntitiesTests.RefreshToken_Should_Be_Active_If_Not_Expired_And_Not_Revoked [< 1 ms]
  Passed SmartCampus.Tests.Entities.TokenEntitiesTests.PasswordResetToken_Should_Have_Default_Values [< 1 ms]
  Passed SmartCampus.Tests.Entities.TokenEntitiesTests.RefreshToken_Should_Set_Properties_Correctly [< 1 ms]
  Passed SmartCampus.Tests.Migrations.AddIdentityMigrationTests.Migration_Should_Have_Up_And_Down_Methods [2 ms]
  Passed SmartCampus.Tests.Migrations.AddIdentityMigrationTests.Migration_Should_Be_Valid_Class [< 1 ms]
  Passed SmartCampus.Tests.DTOs.AuthDtosTests.ResetPasswordDto_SetAndGetProperties_ReturnsCorrectValues [< 1 ms]
  Passed SmartCampus.Tests.DTOs.AuthDtosTests.RefreshTokenDto_SetAndGetProperties_ReturnsCorrectValues [< 1 ms]
  Passed SmartCampus.Tests.DTOs.AuthDtosTests.Business_ResetPasswordDto_SetAndGetProperties_ReturnsCorrectValues [< 1 ms]
  Passed SmartCampus.Tests.DTOs.AuthDtosTests.ForgotPasswordDto_SetAndGetProperties_ReturnsCorrectValues [< 1 ms]
  Passed SmartCampus.Tests.DTOs.AuthDtosTests.VerifyEmailDto_SetAndGetProperties_ReturnsCorrectValues [< 1 ms]
  Passed SmartCampus.Tests.DTOs.AuthDtosTests.Business_ForgotPasswordDto_SetAndGetProperties_ReturnsCorrectValues [< 1 ms]
  Passed SmartCampus.Tests.Validators.LoginDtoValidatorTests.Should_Have_Error_When_Email_Is_Invalid [32 ms]
  Passed SmartCampus.Tests.Validators.RegisterDtoValidatorTests.Should_Have_Error_When_Password_Is_Too_Short [58 ms]
  Passed SmartCampus.Tests.Validators.RegisterDtoValidatorTests.Should_Have_Error_When_Password_No_Number [< 1 ms]
  Passed SmartCampus.Tests.Validators.RegisterDtoValidatorTests.Should_Have_Error_When_Passwords_Do_Not_Match [< 1 ms]
  Passed SmartCampus.Tests.Validators.RegisterDtoValidatorTests.Should_Have_Error_When_Password_No_Uppercase [< 1 ms]
  Passed SmartCampus.Tests.Validators.RegisterDtoValidatorTests.Should_Have_Error_When_First_Or_Last_Name_Is_Empty [< 1 ms]
  Passed SmartCampus.Tests.Validators.RegisterDtoValidatorTests.Should_Not_Have_Error_When_Dto_Is_Valid [< 1 ms]
  Passed SmartCampus.Tests.Validators.RegisterDtoValidatorTests.Should_Have_Error_When_Email_Is_Invalid [< 1 ms]
  Passed SmartCampus.Tests.Validators.LoginDtoValidatorTests.Should_Have_Error_When_Password_Is_Empty [3 ms]
[xUnit.net 00:00:00.45]       Assert.IsType() Failure: Value is not the exact type
[xUnit.net 00:00:00.45]       Expected: typeof(Microsoft.AspNetCore.Mvc.OkObjectResult)
[xUnit.net 00:00:00.45]       Actual:   typeof(Microsoft.AspNetCore.Mvc.CreatedAtActionResult)
[xUnit.net 00:00:00.45]       Stack Trace:
[xUnit.net 00:00:00.45]         C:\Users\desra\OneDrive\Desktop\web_mobil_final_beckend\SmartCampus.Tests\Controllers\AttendanceControllerTests.cs(204,0): at SmartCampus.Tests.Controllers.AttendanceControllerTests.CreateExcuseRequest_ReturnsOk_WhenSuccessful()
[xUnit.net 00:00:00.45]         --- End of stack trace from previous location ---
  Passed SmartCampus.Tests.Validators.LoginDtoValidatorTests.Should_Have_Error_When_Email_Is_Empty [< 1 ms]
  Passed SmartCampus.Tests.Controllers.AttendanceControllerTests.CreateSession_ReturnsBadRequest_WhenFails [110 ms]
  Passed SmartCampus.Tests.Controllers.AttendanceControllerTests.CloseSession_ReturnsOk_WhenSuccessful [3 ms]
  Passed SmartCampus.Tests.Controllers.AttendanceControllerTests.GetSession_ReturnsNotFound_WhenSessionNotExists [2 ms]
  Passed SmartCampus.Tests.Mappings.MappingProfileTests.Should_Map_User_To_UserDto_Correctly [99 ms]
  Failed SmartCampus.Tests.Controllers.AttendanceControllerTests.CreateExcuseRequest_ReturnsOk_WhenSuccessful [5 ms]
  Error Message:
   Assert.IsType() Failure: Value is not the exact type
Expected: typeof(Microsoft.AspNetCore.Mvc.OkObjectResult)
Actual:   typeof(Microsoft.AspNetCore.Mvc.CreatedAtActionResult)
  Stack Trace:
     at SmartCampus.Tests.Controllers.AttendanceControllerTests.CreateExcuseRequest_ReturnsOk_WhenSuccessful() in C:\Users\desra\OneDrive\Desktop\web_mobil_final_beckend\SmartCampus.Tests\Controllers\AttendanceControllerTests.cs:line 204
--- End of stack trace from previous location ---
  Passed SmartCampus.Tests.Controllers.AttendanceControllerTests.GetMyAttendance_ReturnsOk_WhenStudentCalls [2 ms]
  Passed SmartCampus.Tests.Controllers.AttendanceControllerTests.CreateSession_ReturnsOk_WhenSuccessful [2 ms]
?? GetActiveSessions endpoint called - UserId: 1
? Returning 1 active sessions
============================================================
??  MOCK EMAIL SERVICE - NO ACTUAL EMAIL SENT!
============================================================
========================================
?? MOCK EMAIL SENT (DEVELOPMENT MODE)
========================================
??  NOT: This is a MOCK email service. No actual email is sent!
    In production, configure a real email service (SMTP, SendGrid, etc.)
To: test@example.com
Subject: HTML Test
Time: 12/19/2025 6:05:04 PM
----------------------------------------
<html><body><h1>Hello</h1></body></html>
========================================
?? TIP: Check console output or mock_emails.txt file for email content
?? TIP: In production, replace MockEmailService with real SMTP service
?? Email also saved to: C:\Users\desra\OneDrive\Desktop\web_mobil_final_beckend\SmartCampus.Tests\bin\Debug\net8.0\mock_emails.txt
============================================================
??  MOCK EMAIL SERVICE - NO ACTUAL EMAIL SENT!
============================================================
========================================
?? MOCK EMAIL SENT (DEVELOPMENT MODE)
========================================
??  NOT: This is a MOCK email service. No actual email is sent!
    In production, configure a real email service (SMTP, SendGrid, etc.)
To: test@example.com
Subject: Subject
Time: 12/19/2025 6:05:04 PM
----------------------------------------
Body
========================================
?? TIP: Check console output or mock_emails.txt file for email content
?? TIP: In production, replace MockEmailService with real SMTP service
?? Email also saved to: C:\Users\desra\OneDrive\Desktop\web_mobil_final_beckend\SmartCampus.Tests\bin\Debug\net8.0\mock_emails.txt
  Passed SmartCampus.Tests.Controllers.AttendanceControllerTests.GetActiveSessions_ReturnsOk_WhenStudentCalls [3 ms]
  Passed SmartCampus.Tests.Mappings.MappingProfileTests.Configuration_ShouldBeValid [15 ms]
  Passed SmartCampus.Tests.Controllers.AttendanceControllerTests.ApproveExcuse_ReturnsOk_WhenSuccessful [1 ms]
  Passed SmartCampus.Tests.Mappings.MappingProfileTests.Should_Map_RegisterDto_To_User_Correctly [3 ms]
  Passed SmartCampus.Tests.Services.MockEmailServiceTests.SendEmailAsync_WithHtmlBody_DoesNotThrow [3 ms]
  Passed SmartCampus.Tests.Services.MockEmailServiceTests.SendEmailAsync_DoesNotThrow [1 ms]
  Passed SmartCampus.Tests.Controllers.AttendanceControllerTests.CheckIn_ReturnsOk_WhenSuccessful [8 ms]
  Passed SmartCampus.Tests.Controllers.AttendanceControllerTests.GetAttendanceReport_ReturnsOk_WhenSuccessful [2 ms]
  Passed SmartCampus.Tests.Controllers.AttendanceControllerTests.GetSession_ReturnsOk_WhenSessionExists [< 1 ms]
  Passed SmartCampus.Tests.Controllers.AttendanceControllerTests.RejectExcuse_ReturnsOk_WhenSuccessful [2 ms]
  Passed SmartCampus.Tests.Controllers.AttendanceControllerTests.GetMySessions_ReturnsOk_WhenFacultyCalls [1 ms]
  Passed SmartCampus.Tests.Controllers.AttendanceControllerTests.GetExcuseRequests_ReturnsOk_WhenFacultyCalls [2 ms]
  Passed SmartCampus.Tests.Controllers.AuthControllerTests.Login_ReturnsOk_WhenCredentialsValid [19 ms]
  Passed SmartCampus.Tests.Controllers.AuthControllerTests.CheckPasswordStrength_ReturnsOk_WithScore [< 1 ms]
  Passed SmartCampus.Tests.Controllers.AuthControllerTests.Register_ReturnsOk_WhenSuccessful [2 ms]
  Passed SmartCampus.Tests.Controllers.AuthControllerTests.ResetPassword_ReturnsBadRequest_WhenPasswordsDontMatch [1 ms]
?? VERIFY EMAIL REQUEST:
   UserId: 1
   Token length: 5
   Token (first 50): token...
? Email verification successful for user 1
?? Warning: Could not retrieve user profile after verification: Object reference not set to an instance of an object.
   This is usually a concurrency issue and can be ignored - email is already verified.
  Passed SmartCampus.Tests.Middleware.ExceptionMiddlewareTests.InvokeAsync_Should_Call_Next_When_No_Exception [21 ms]
  Passed SmartCampus.Tests.Controllers.AuthControllerTests.Logout_ReturnsNoContent_WhenUserAuthenticated [5 ms]
  Passed SmartCampus.Tests.Controllers.AdminControllerTests.ResetUserPassword_ReturnsOk_WhenPasswordReset [226 ms]
  Passed SmartCampus.Tests.Controllers.AuthControllerTests.ResetPassword_ReturnsOk_WhenPasswordsMatch [1 ms]
  Passed SmartCampus.Tests.Controllers.AuthControllerTests.Refresh_ReturnsOk_WhenTokenValid [3 ms]
  Passed SmartCampus.Tests.Controllers.AuthControllerTests.VerifyEmail_ReturnsOk_WhenSuccessful [1 ms]
  Passed SmartCampus.Tests.Controllers.AuthControllerTests.ForgotPassword_ReturnsOk_Always [2 ms]
  Passed SmartCampus.Tests.Controllers.AuthControllerTests.Logout_ReturnsNoContent_WhenUserNotAuthenticated [2 ms]
  Passed SmartCampus.Tests.Controllers.AnalyticsControllerTests.GetStudentRiskAnalysis_ReturnsOk_WhenStudentExists [2 ms]
  Passed SmartCampus.Tests.Controllers.AnalyticsControllerTests.GetAttendanceTrends_ReturnsNotFound_WhenSectionNotExists [2 ms]
  Passed SmartCampus.Tests.Controllers.AnalyticsControllerTests.GetSectionAnalytics_ReturnsNotFound_WhenSectionNotExists [1 ms]
  Passed SmartCampus.Tests.Controllers.AnalyticsControllerTests.GetAttendanceTrends_ReturnsOk_WhenTrendsExist [< 1 ms]
  Passed SmartCampus.Tests.Controllers.AnalyticsControllerTests.GetCampusAnalytics_ReturnsOk_WhenAdminCalls [1 ms]
  Passed SmartCampus.Tests.Controllers.AnalyticsControllerTests.GetStudentRiskAnalysis_ReturnsOk_WhenStudentViewsOwnRisk [< 1 ms]
  Passed SmartCampus.Tests.Controllers.AnalyticsControllerTests.GetStudentRiskAnalysis_ReturnsForbid_WhenStudentTriesToViewAnothersRisk [< 1 ms]
  Passed SmartCampus.Tests.Controllers.AnalyticsControllerTests.GetSectionAnalytics_ReturnsOk_WhenSectionExists [< 1 ms]
? Role 'Faculty' assigned to user 2
?? RAW TOKEN (use this in Swagger): reset-token
?? RESET PASSWORD REQUEST:
   Email: unknown@example.com
   Token length (received): 5
   Token (first 50): token...
? User not found: unknown@example.com
?? VERIFY EMAIL DEBUG:
   User ID: 1
   Token (first 50 chars): any-token...
? User not found: 1
  Passed SmartCampus.Tests.Controllers.AnalyticsControllerTests.GetMyRiskAnalysis_ReturnsNotFound_WhenStudentNotExists [1 ms]
  Passed SmartCampus.Tests.Controllers.AnalyticsControllerTests.GetMyRiskAnalysis_ReturnsOk_WhenCalled [1 ms]
  Passed SmartCampus.Tests.Middleware.ExceptionMiddlewareTests.InvokeAsync_Should_Handle_Exception_And_Return_500 [31 ms]
  Passed SmartCampus.Tests.Services.AuthServiceTests.RegisterAsync_ShouldThrowException_WhenStudentMissingDetails [23 ms]
  Passed SmartCampus.Tests.Services.AuthServiceTests.RegisterAsync_ShouldSucceed_WhenFacultyRegisters [10 ms]
  Passed SmartCampus.Tests.Services.AuthServiceTests.ForgotPasswordAsync_ShouldSendEmail_WhenUserExists [5 ms]
  Passed SmartCampus.Tests.Services.AuthServiceTests.ResetPasswordAsync_ShouldThrowException_WhenUserNotFound [2 ms]
  Passed SmartCampus.Tests.Services.AuthServiceTests.VerifyEmailAsync_ShouldThrowException_WhenUserNotFound [3 ms]
?? RESET PASSWORD REQUEST:
   Email: test@example.com
   Token length (received): 5
   Token (first 50): token...
   Token does not contain % - using as-is
   Token length (final): 5
   Token (first 30 chars): token...
   Token (last 30 chars): ...token
   ResetPasswordAsync result: False
? Errors: Reset failed
?? WARNING: Token length is very short (5 chars). Email client may have truncated the URL!
? Role 'Student' assigned to user 1
?? Generating token for user 1 with roles: [Student]
? Added 1 role claim(s) to JWT token
  Passed SmartCampus.Tests.Services.AuthServiceTests.ResetPasswordAsync_ShouldThrowException_WhenResetFails [3 ms]
  Passed SmartCampus.Tests.Services.AuthServiceTests.RegisterAsync_ShouldReturnUserDto_WhenRegistrationIsSuccessful_Student [9 ms]
  Passed SmartCampus.Tests.Services.AuthServiceTests.LoginAsync_ShouldThrowException_WhenAccountIsLockedOut [8 ms]
  Passed SmartCampus.Tests.Services.AuthServiceTests.RefreshTokenAsync_ShouldThrowException_WhenTokenNotFound [5 ms]
  Passed SmartCampus.Tests.Services.AuthServiceTests.LogoutAsync_ShouldRevokeAllUserTokens [3 ms]
  Passed SmartCampus.Tests.Services.AuthServiceTests.LoginAsync_ShouldThrowException_WhenUserNotFound [1 ms]
  Passed SmartCampus.Tests.Services.AuthServiceTests.RefreshTokenAsync_ShouldThrowException_WhenTokenExpired [1 ms]
  Passed SmartCampus.Tests.Services.AuthServiceTests.ForgotPasswordAsync_ShouldNotThrow_WhenUserNotFound [1 ms]
  Passed SmartCampus.Tests.Services.AuthServiceTests.LoginAsync_ShouldReturnToken_WhenCredentialsAreValid [34 ms]
?? VERIFY EMAIL DEBUG:
   User ID: 1
   Token (first 50 chars): valid-token...
   User Email: test@example.com
   Current EmailConfirmed: False
   Received token length: 11
   User SecurityStamp: 
   ? Token does not contain % - frontend decode etmis, using as-is
   Token length: 11 -> 11 (after decode)
   Token changed: False
   Token (first 30 chars): valid-token...
   Token (last 30 chars): ...valid-token
   Token contains +: False
   Token contains /: False
   Token contains =: False
   ConfirmEmailAsync result: True
? Email verification successful for user 1!
?? RESET PASSWORD REQUEST:
   Email: test@example.com
   Token length (received): 11
   Token (first 50): valid-token...
   Token does not contain % - using as-is
   Token length (final): 11
   Token (first 30 chars): valid-token...
   Token (last 30 chars): ...valid-token
   ResetPasswordAsync result: True
? Password reset successful for user: test@example.com
?? Generating token for user 1 with roles: [Student]
? Added 1 role claim(s) to JWT token
?? VERIFY EMAIL DEBUG:
   User ID: 1
   Token (first 50 chars): bad-token...
   User Email: 
   Current EmailConfirmed: False
   Received token length: 9
   User SecurityStamp: 
   ? Token does not contain % - frontend decode etmis, using as-is
   Token length: 9 -> 9 (after decode)
   Token changed: False
   Token (first 30 chars): bad-token...
   Token (last 30 chars): ...bad-token
   Token contains +: False
   Token contains /: False
   Token contains =: False
   ConfirmEmailAsync result: False
? Errors: Invalid token
?? WARNING: Token length is very short (9 chars). Email client may have truncated the URL!
  Passed SmartCampus.Tests.Services.AuthServiceTests.VerifyEmailAsync_ShouldSucceed_WhenTokenIsValid [3 ms]
  Passed SmartCampus.Tests.Services.AuthServiceTests.ResetPasswordAsync_ShouldSucceed_WhenTokenIsValid [3 ms]
  Passed SmartCampus.Tests.Services.AuthServiceTests.LoginAsync_ShouldResetFailedCount_WhenLoginSucceeds [3 ms]
  Passed SmartCampus.Tests.Services.AuthServiceTests.RegisterAsync_ShouldThrowException_WhenUserAlreadyExists [1 ms]
  Passed SmartCampus.Tests.Services.AuthServiceTests.LoginAsync_ShouldThrowException_WhenPasswordIsInvalid [2 ms]
  Passed SmartCampus.Tests.Services.AuthServiceTests.RefreshTokenAsync_ShouldThrowException_WhenTokenRevoked [1 ms]
  Passed SmartCampus.Tests.Services.AuthServiceTests.RegisterAsync_ShouldThrowException_WhenCreateAsyncFails [2 ms]
  Passed SmartCampus.Tests.Services.AuthServiceTests.LoginAsync_ShouldIncrementFailedCount_WhenPasswordIsWrong [3 ms]
  Passed SmartCampus.Tests.Services.AuthServiceTests.VerifyEmailAsync_ShouldThrowException_WhenConfirmationFails [2 ms]
  Passed SmartCampus.Tests.Helpers.PasswordStrengthTests.Evaluate_StrongPassword_ReturnsHighScore [< 1 ms]
  Passed SmartCampus.Tests.Helpers.PasswordStrengthTests.Evaluate_MediumPassword_ReturnsMediumScore [< 1 ms]
  Passed SmartCampus.Tests.Helpers.PasswordStrengthTests.Evaluate_EmptyPassword_ReturnsZeroScore [< 1 ms]
  Passed SmartCampus.Tests.Helpers.PasswordStrengthTests.Evaluate_WeakPassword_ReturnsLowScore [< 1 ms]
  Passed SmartCampus.Tests.Controllers.UsersControllerTests.UploadProfilePicture_ReturnsBadRequest_WhenNotImage [34 ms]
  Passed SmartCampus.Tests.Controllers.UsersControllerTests.GetUsers_ReturnsOk_WithPagination [2 ms]
  Passed SmartCampus.Tests.Controllers.UsersControllerTests.GetProfile_ReturnsNotFound_WhenUserDoesNotExist [1 ms]
  Passed SmartCampus.Tests.Controllers.UsersControllerTests.GetProfile_ReturnsUnauthorized_WhenUserNotInClaims [< 1 ms]
  Passed SmartCampus.Tests.Controllers.UsersControllerTests.UploadProfilePicture_ReturnsBadRequest_WhenEmptyFile [< 1 ms]
  Passed SmartCampus.Tests.Controllers.UsersControllerTests.GetUsers_UsesDefaultPagination [1 ms]
  Passed SmartCampus.Tests.Controllers.UsersControllerTests.GetProfile_ReturnsOk_WhenUserFound [12 ms]
  Passed SmartCampus.Tests.Controllers.UsersControllerTests.UploadProfilePicture_ReturnsBadRequest_WhenNoFile [< 1 ms]
  Passed SmartCampus.Tests.Controllers.UsersControllerTests.UploadProfilePicture_ReturnsUnauthorized_WhenUserNotInClaims [1 ms]
  Passed SmartCampus.Tests.Controllers.UsersControllerTests.UpdateProfile_ReturnsUnauthorized_WhenUserNotInClaims [1 ms]
  Passed SmartCampus.Tests.Controllers.UsersControllerTests.UpdateProfile_ReturnsOk_WhenSuccessful [2 ms]
  Passed SmartCampus.Tests.Controllers.UsersControllerTests.GetUsers_ReturnsCorrectUserList [< 1 ms]
  Passed SmartCampus.Tests.Controllers.AdminSetupControllerTests.CreateAdmin_ReturnsOk_WhenNewAdminCreated [16 ms]
  Passed SmartCampus.Tests.Controllers.AdminSetupControllerTests.CreateAdmin_CreatesRoleIfNotExists [4 ms]
?? User 100 EmailConfirmed status: True
?? User 100 roles from Identity: [Student]
  Passed SmartCampus.Tests.Controllers.AdminSetupControllerTests.CreateAdmin_ReturnsBadRequest_WhenCreateFails [1 ms]
  Passed SmartCampus.Tests.Controllers.AdminSetupControllerTests.CreateAdmin_AddsRoleToExistingUser_WhenUserExistsButNotAdmin [3 ms]
  Passed SmartCampus.Tests.Controllers.AdminSetupControllerTests.CheckAdmin_ReturnsOk_WhenAdminNotExists [1 ms]
  Passed SmartCampus.Tests.Controllers.AdminSetupControllerTests.CheckAdmin_ReturnsOk_WithAdminDetails_WhenAdminExists [2 ms]
  Passed SmartCampus.Tests.Controllers.AdminSetupControllerTests.CreateAdmin_ReturnsBadRequest_WhenAdminAlreadyExists [1 ms]
  Passed SmartCampus.Tests.DataAccess.UnitOfWorkTests.Repository_Should_Return_Same_Instance_For_Same_Type [734 ms]
  Passed SmartCampus.Tests.DataAccess.CampusDbContextTests.Can_Add_And_Retrieve_Department [960 ms]
  Passed SmartCampus.Tests.DataAccess.UnitOfWorkTests.CompleteAsync_Should_Persist_Changes [213 ms]
? User 100 identified as Student
?? Returning UserDto with Role: Student
  Passed SmartCampus.Tests.DataAccess.UnitOfWorkTests.Repository_Should_Return_Different_Instances_For_Different_Types [< 1 ms]
  Passed SmartCampus.Tests.DataAccess.GenericRepositoryTests.FindAsync_Should_Return_Matching_Entities [941 ms]
  Passed SmartCampus.Tests.DataAccess.GenericRepositoryTests.AddAsync_Should_Add_Entity_To_Database [1 ms]
  Passed SmartCampus.Tests.DataAccess.CampusDbContextTests.Can_Add_User_Identity [10 ms]
  Passed SmartCampus.Tests.Services.UserServiceTests.GetProfileAsync_ReturnsUserDto_WhenUserFound [914 ms]
  Passed SmartCampus.Tests.Services.UserServiceTests.UpdateProfilePictureAsync_UpdatesPictureUrl_WhenUserFound [8 ms]
  Passed SmartCampus.Tests.Services.UserServiceTests.UpdateProfilePictureAsync_ThrowsException_WhenUserNotFound [< 1 ms]
?? User 200 EmailConfirmed status: True
?? User 200 roles from Identity: [Student]
? User 200 identified as Student
?? Returning UserDto with Role: Student
  Passed SmartCampus.Tests.DataAccess.GenericRepositoryTests.Update_Should_Modify_Entity_And_Set_UpdatedAt [21 ms]
  Passed SmartCampus.Tests.Services.UserServiceTests.GetProfileAsync_CallsMapperWithCorrectUser [5 ms]
  Passed SmartCampus.Tests.Services.UserServiceTests.UpdateProfileAsync_ThrowsException_WhenUpdateFails [4 ms]
  Passed SmartCampus.Tests.DataAccess.GenericRepositoryTests.GetAllAsync_Should_Return_All_Entities [6 ms]
  Passed SmartCampus.Tests.Services.UserServiceTests.UpdateProfileAsync_ThrowsException_WhenUserNotFound [1 ms]
  Passed SmartCampus.Tests.Services.UserServiceTests.UpdateProfilePictureAsync_SetsUpdatedAt [1 ms]
  Passed SmartCampus.Tests.Services.UserServiceTests.GetProfileAsync_ReturnsNull_WhenUserNotFound [< 1 ms]
  Passed SmartCampus.Tests.Services.UserServiceTests.UpdateProfileAsync_UpdatesUserFields_WhenUserFound [2 ms]
  Passed SmartCampus.Tests.Services.UserServiceTests.UpdateProfilePictureAsync_ThrowsException_WhenUpdateFails [2 ms]
  Passed SmartCampus.Tests.DataAccess.GenericRepositoryTests.Delete_Should_Remove_Entity [8 ms]
  Passed SmartCampus.Tests.DataAccess.GenericRepositoryTests.GetByIdAsync_Should_Return_Entity [6 ms]
  Passed SmartCampus.Tests.DataAccess.CampusDbContextTests.Should_Enforce_Student_Department_Relationship [53 ms]
  Passed SmartCampus.Tests.Controllers.AdminControllerTests.GetStudents_ReturnsOk_WhenAdminCalls [803 ms]
  Passed SmartCampus.Tests.Controllers.AdminControllerTests.CheckUserStatus_ReturnsNotFound_WhenUserNotExists [1 ms]
  Passed SmartCampus.Tests.Services.AbsenceWarningServiceTests.Service_ShouldCheckAbsenceRates_WhenSessionsExist [793 ms]
  Passed SmartCampus.Tests.Services.AbsenceWarningServiceTests.Service_ShouldNotSendEmail_WhenNoSessionsExist [2 ms]
[xUnit.net 00:00:01.35]       Assert.IsType() Failure: Value is not the exact type
[xUnit.net 00:00:01.35]       Expected: typeof(Microsoft.AspNetCore.Mvc.OkObjectResult)
[xUnit.net 00:00:01.35]       Actual:   typeof(Microsoft.AspNetCore.Mvc.NotFoundObjectResult)
[xUnit.net 00:00:01.35]       Stack Trace:
[xUnit.net 00:00:01.35]         C:\Users\desra\OneDrive\Desktop\web_mobil_final_beckend\SmartCampus.Tests\Controllers\AdminControllerTests.cs(111,0): at SmartCampus.Tests.Controllers.AdminControllerTests.GetStudentTranscript_ReturnsOk_WhenStudentExists()
[xUnit.net 00:00:01.35]         --- End of stack trace from previous location ---
[xUnit.net 00:00:01.38]       Assert.IsType() Failure: Value is not the exact type
[xUnit.net 00:00:01.38]       Expected: typeof(Microsoft.AspNetCore.Mvc.FileContentResult)
[xUnit.net 00:00:01.38]       Actual:   typeof(Microsoft.AspNetCore.Mvc.NotFoundObjectResult)
[xUnit.net 00:00:01.38]       Stack Trace:
[xUnit.net 00:00:01.38]         C:\Users\desra\OneDrive\Desktop\web_mobil_final_beckend\SmartCampus.Tests\Controllers\AdminControllerTests.cs(140,0): at SmartCampus.Tests.Controllers.AdminControllerTests.GetStudentTranscriptPdf_ReturnsFile_WhenStudentExists()
[xUnit.net 00:00:01.38]         --- End of stack trace from previous location ---
  Passed SmartCampus.Tests.Services.AbsenceWarningServiceTests.Constructor_ShouldCreateInstance [< 1 ms]
  Passed SmartCampus.Tests.Services.AbsenceWarningServiceTests.GetCurrentSemester_ShouldReturnFall_InSeptemberToJanuary [< 1 ms]
  Failed SmartCampus.Tests.Controllers.AdminControllerTests.GetStudentTranscript_ReturnsOk_WhenStudentExists [32 ms]
  Error Message:
   Assert.IsType() Failure: Value is not the exact type
Expected: typeof(Microsoft.AspNetCore.Mvc.OkObjectResult)
Actual:   typeof(Microsoft.AspNetCore.Mvc.NotFoundObjectResult)
  Stack Trace:
     at SmartCampus.Tests.Controllers.AdminControllerTests.GetStudentTranscript_ReturnsOk_WhenStudentExists() in C:\Users\desra\OneDrive\Desktop\web_mobil_final_beckend\SmartCampus.Tests\Controllers\AdminControllerTests.cs:line 111
--- End of stack trace from previous location ---
  Passed SmartCampus.Tests.Controllers.AdminControllerTests.GetStudentTranscript_ReturnsNotFound_WhenStudentNotExists [2 ms]
  Passed SmartCampus.Tests.Controllers.AdminControllerTests.ResetUserPassword_ReturnsNotFound_WhenUserNotExists [< 1 ms]
  Passed SmartCampus.Tests.Controllers.AdminControllerTests.DeleteUserByEmail_ReturnsNotFound_WhenUserNotExists [1 ms]
  Passed SmartCampus.Tests.Services.AbsenceWarningServiceTests.AbsenceCalculation_ShouldIncludeExcusedAbsences [38 ms]
  Failed SmartCampus.Tests.Controllers.AdminControllerTests.GetStudentTranscriptPdf_ReturnsFile_WhenStudentExists [27 ms]
  Error Message:
   Assert.IsType() Failure: Value is not the exact type
Expected: typeof(Microsoft.AspNetCore.Mvc.FileContentResult)
Actual:   typeof(Microsoft.AspNetCore.Mvc.NotFoundObjectResult)
  Stack Trace:
     at SmartCampus.Tests.Controllers.AdminControllerTests.GetStudentTranscriptPdf_ReturnsFile_WhenStudentExists() in C:\Users\desra\OneDrive\Desktop\web_mobil_final_beckend\SmartCampus.Tests\Controllers\AdminControllerTests.cs:line 140
--- End of stack trace from previous location ---
  Passed SmartCampus.Tests.Controllers.AdminControllerTests.DeleteUserByEmail_ReturnsOk_WhenUserDeleted [13 ms]
[xUnit.net 00:00:01.41]   Finished:    SmartCampus.Tests
  Passed SmartCampus.Tests.Controllers.AdminControllerTests.GetStudents_ReturnsOk_WithPagination [4 ms]
  Passed SmartCampus.Tests.Controllers.AdminControllerTests.CheckUserStatus_ReturnsOk_WhenUserExists [10 ms]

Total tests: 170
     Passed: 167
     Failed: 3
 Total time: 1.9122 Seconds
